#-----------------------------------------------------------
# Vivado v2019.2 (64-bit)
# SW Build 2708876 on Wed Nov  6 21:40:23 MST 2019
# IP Build 2700528 on Thu Nov  7 00:09:20 MST 2019
# Start of session at: Mon Feb 10 21:46:05 2020
# Process ID: 10684
# Current directory: C:/Users/11986/Desktop/Dilation_erosion
# Command line: vivado.exe -gui_launcher_event rodinguilauncherevent9204 C:\Users\11986\Desktop\Dilation_erosion\OV7670_VGA_Dispaly.xpr
# Log file: C:/Users/11986/Desktop/Dilation_erosion/vivado.log
# Journal file: C:/Users/11986/Desktop/Dilation_erosion\vivado.jou
#-----------------------------------------------------------
start_gui
open_project C:/Users/11986/Desktop/Dilation_erosion/OV7670_VGA_Dispaly.xpr
update_compile_order -fileset sources_1
synth_design -rtl -name rtl_1
reset_run synth_2
launch_runs synth_2 -jobs 4
wait_on_run synth_2
update_compile_order -fileset sources_1
synth_design -rtl -name rtl_1
reset_run synth_2
launch_runs synth_2 -jobs 4
wait_on_run synth_2
write_schematic -format pdf -orientation portrait C:/Users/11986/Desktop/schematic1.pdf
write_schematic -format pdf -orientation portrait C:/Users/11986/Desktop/schematic2.pdf
