#-----------------------------------------------------------
# Vivado v2019.2 (64-bit)
# SW Build 2700185 on Thu Oct 24 18:46:05 MDT 2019
# IP Build 2699827 on Thu Oct 24 21:16:38 MDT 2019
# Start of session at: Sun Feb  2 11:21:28 2020
# Process ID: 9220
# Current directory: D:/fpga_test/y2_project/20200201/ZYNQ_OV7670_hdmi_zybo_frame_dilation_2
# Command line: vivado.exe -gui_launcher_event rodinguilauncherevent19204 D:\fpga_test\y2_project\20200201\ZYNQ_OV7670_hdmi_zybo_frame_dilation_2\OV7670_VGA_Dispaly.xpr
# Log file: D:/fpga_test/y2_project/20200201/ZYNQ_OV7670_hdmi_zybo_frame_dilation_2/vivado.log
# Journal file: D:/fpga_test/y2_project/20200201/ZYNQ_OV7670_hdmi_zybo_frame_dilation_2\vivado.jou
#-----------------------------------------------------------
start_gui
open_project D:/fpga_test/y2_project/20200201/ZYNQ_OV7670_hdmi_zybo_frame_dilation_2/OV7670_VGA_Dispaly.xpr
update_compile_order -fileset sources_1
close [ open D:/fpga_test/y2_project/20200201/ZYNQ_OV7670_hdmi_zybo_frame_dilation_2/OV7670_VGA_Dispaly.srcs/sources_1/new/dilation.v w ]
add_files D:/fpga_test/y2_project/20200201/ZYNQ_OV7670_hdmi_zybo_frame_dilation_2/OV7670_VGA_Dispaly.srcs/sources_1/new/dilation.v
update_compile_order -fileset sources_1
update_compile_order -fileset sources_1
update_compile_order -fileset sources_1
update_compile_order -fileset sources_1
reset_run synth_2
launch_runs impl_2 -to_step write_bitstream -jobs 4
wait_on_run impl_2
open_hw_manager
connect_hw_server -allow_non_jtag
open_hw_target
current_hw_device [get_hw_devices xc7z010_1]
refresh_hw_device -update_hw_probes false [lindex [get_hw_devices xc7z010_1] 0]
set_property PROBES.FILE {} [get_hw_devices xc7z010_1]
set_property FULL_PROBES.FILE {} [get_hw_devices xc7z010_1]
set_property PROGRAM.FILE {D:/fpga_test/y2_project/20200201/ZYNQ_OV7670_hdmi_zybo_frame_dilation_2/OV7670_VGA_Dispaly.runs/impl_2/ov7670_top.bit} [get_hw_devices xc7z010_1]
program_hw_devices [get_hw_devices xc7z010_1]
refresh_hw_device [lindex [get_hw_devices xc7z010_1] 0]
reset_run synth_2
launch_runs impl_2 -to_step write_bitstream -jobs 4
wait_on_run impl_2
set_property PROBES.FILE {} [get_hw_devices xc7z010_1]
set_property FULL_PROBES.FILE {} [get_hw_devices xc7z010_1]
set_property PROGRAM.FILE {D:/fpga_test/y2_project/20200201/ZYNQ_OV7670_hdmi_zybo_frame_dilation_2/OV7670_VGA_Dispaly.runs/impl_2/ov7670_top.bit} [get_hw_devices xc7z010_1]
program_hw_devices [get_hw_devices xc7z010_1]
refresh_hw_device [lindex [get_hw_devices xc7z010_1] 0]
reset_run synth_2
launch_runs impl_2 -to_step write_bitstream -jobs 4
wait_on_run impl_2
set_property PROBES.FILE {} [get_hw_devices xc7z010_1]
set_property FULL_PROBES.FILE {} [get_hw_devices xc7z010_1]
set_property PROGRAM.FILE {D:/fpga_test/y2_project/20200201/ZYNQ_OV7670_hdmi_zybo_frame_dilation_2/OV7670_VGA_Dispaly.runs/impl_2/ov7670_top.bit} [get_hw_devices xc7z010_1]
program_hw_devices [get_hw_devices xc7z010_1]
refresh_hw_device [lindex [get_hw_devices xc7z010_1] 0]
reset_run synth_2
launch_runs impl_2 -to_step write_bitstream -jobs 4
wait_on_run impl_2
set_property PROBES.FILE {} [get_hw_devices xc7z010_1]
set_property FULL_PROBES.FILE {} [get_hw_devices xc7z010_1]
set_property PROGRAM.FILE {D:/fpga_test/y2_project/20200201/ZYNQ_OV7670_hdmi_zybo_frame_dilation_2/OV7670_VGA_Dispaly.runs/impl_2/ov7670_top.bit} [get_hw_devices xc7z010_1]
program_hw_devices [get_hw_devices xc7z010_1]
refresh_hw_device [lindex [get_hw_devices xc7z010_1] 0]
reset_run synth_2
launch_runs impl_2 -to_step write_bitstream -jobs 4
wait_on_run impl_2
set_property PROBES.FILE {} [get_hw_devices xc7z010_1]
set_property FULL_PROBES.FILE {} [get_hw_devices xc7z010_1]
set_property PROGRAM.FILE {D:/fpga_test/y2_project/20200201/ZYNQ_OV7670_hdmi_zybo_frame_dilation_2/OV7670_VGA_Dispaly.runs/impl_2/ov7670_top.bit} [get_hw_devices xc7z010_1]
program_hw_devices [get_hw_devices xc7z010_1]
refresh_hw_device [lindex [get_hw_devices xc7z010_1] 0]
reset_run synth_2
launch_runs impl_2 -to_step write_bitstream -jobs 4
wait_on_run impl_2
set_property PROBES.FILE {} [get_hw_devices xc7z010_1]
set_property FULL_PROBES.FILE {} [get_hw_devices xc7z010_1]
set_property PROGRAM.FILE {D:/fpga_test/y2_project/20200201/ZYNQ_OV7670_hdmi_zybo_frame_dilation_2/OV7670_VGA_Dispaly.runs/impl_2/ov7670_top.bit} [get_hw_devices xc7z010_1]
program_hw_devices [get_hw_devices xc7z010_1]
refresh_hw_device [lindex [get_hw_devices xc7z010_1] 0]
reset_run synth_2
launch_runs impl_2 -to_step write_bitstream -jobs 4
wait_on_run impl_2
set_property PROBES.FILE {} [get_hw_devices xc7z010_1]
set_property FULL_PROBES.FILE {} [get_hw_devices xc7z010_1]
set_property PROGRAM.FILE {D:/fpga_test/y2_project/20200201/ZYNQ_OV7670_hdmi_zybo_frame_dilation_2/OV7670_VGA_Dispaly.runs/impl_2/ov7670_top.bit} [get_hw_devices xc7z010_1]
program_hw_devices [get_hw_devices xc7z010_1]
refresh_hw_device [lindex [get_hw_devices xc7z010_1] 0]
reset_run synth_2
launch_runs impl_2 -to_step write_bitstream -jobs 4
wait_on_run impl_2
set_property PROBES.FILE {} [get_hw_devices xc7z010_1]
set_property FULL_PROBES.FILE {} [get_hw_devices xc7z010_1]
set_property PROGRAM.FILE {D:/fpga_test/y2_project/20200201/ZYNQ_OV7670_hdmi_zybo_frame_dilation_2/OV7670_VGA_Dispaly.runs/impl_2/ov7670_top.bit} [get_hw_devices xc7z010_1]
program_hw_devices [get_hw_devices xc7z010_1]
refresh_hw_device [lindex [get_hw_devices xc7z010_1] 0]
reset_run synth_2
launch_runs impl_2 -to_step write_bitstream -jobs 4
wait_on_run impl_2
set_property PROBES.FILE {} [get_hw_devices xc7z010_1]
set_property FULL_PROBES.FILE {} [get_hw_devices xc7z010_1]
set_property PROGRAM.FILE {D:/fpga_test/y2_project/20200201/ZYNQ_OV7670_hdmi_zybo_frame_dilation_2/OV7670_VGA_Dispaly.runs/impl_2/ov7670_top.bit} [get_hw_devices xc7z010_1]
program_hw_devices [get_hw_devices xc7z010_1]
refresh_hw_device [lindex [get_hw_devices xc7z010_1] 0]
reset_run synth_2
launch_runs impl_2 -to_step write_bitstream -jobs 4
wait_on_run impl_2
set_property PROBES.FILE {} [get_hw_devices xc7z010_1]
set_property FULL_PROBES.FILE {} [get_hw_devices xc7z010_1]
set_property PROGRAM.FILE {D:/fpga_test/y2_project/20200201/ZYNQ_OV7670_hdmi_zybo_frame_dilation_2/OV7670_VGA_Dispaly.runs/impl_2/ov7670_top.bit} [get_hw_devices xc7z010_1]
program_hw_devices [get_hw_devices xc7z010_1]
refresh_hw_device [lindex [get_hw_devices xc7z010_1] 0]
close [ open D:/fpga_test/y2_project/20200201/ZYNQ_OV7670_hdmi_zybo_frame_dilation_2/OV7670_VGA_Dispaly.srcs/sources_1/new/erosion.v w ]
add_files D:/fpga_test/y2_project/20200201/ZYNQ_OV7670_hdmi_zybo_frame_dilation_2/OV7670_VGA_Dispaly.srcs/sources_1/new/erosion.v
update_compile_order -fileset sources_1
update_compile_order -fileset sources_1
reset_run synth_2
launch_runs impl_2 -to_step write_bitstream -jobs 4
wait_on_run impl_2
set_property PROBES.FILE {} [get_hw_devices xc7z010_1]
set_property FULL_PROBES.FILE {} [get_hw_devices xc7z010_1]
set_property PROGRAM.FILE {D:/fpga_test/y2_project/20200201/ZYNQ_OV7670_hdmi_zybo_frame_dilation_2/OV7670_VGA_Dispaly.runs/impl_2/ov7670_top.bit} [get_hw_devices xc7z010_1]
program_hw_devices [get_hw_devices xc7z010_1]
refresh_hw_device [lindex [get_hw_devices xc7z010_1] 0]
